// Jest Snapshot v1, https://goo.gl/fbAQLP

exports[`Pruebas en <GifGridItem /> debe de hacer match con el snapshot 1`] = `
<div>
  <div
    class="card"
  >
    <img
      alt="Naruto"
      src="https://naruto.com/"
    />
    <p>
      Naruto
    </p>
  </div>
</div>
`;

exports[`Pruebas en GifGridItem debe de hacer match con el snapshot 1`] = `
<div>
  <div
    class="card"
  >
    <img
      alt="Naruto"
      src="https://naruto.com/"
    />
    <p>
      Naruto
    </p>
  </div>
</div>
`;
